database_name
instance_name
db_host
version
instance_role