executions_per_user_call
io_requests_per_second
background_time_per_sec
redo_writes_per_txn
rows_per_sort
execute_without_parse_ratio
gc_cr_block_received_per_second
physical_write_total_io_requests_per_sec
physical_reads_direct_per_sec
logons_per_txn
global_cache_blocks_lost
database_cpu_time_ratio
row_cache_hit_ratio
host_cpu_usage_per_sec
physical_writes_direct_lobs_per_txn
hard_parse_count_per_sec
enqueue_waits_per_sec
executions_per_txn
queries_parallelized_per_sec
disk_sort_per_sec
host_cpu_utilization_percent
physical_write_io_requests_per_sec
total_pga_allocated
db_block_gets_per_txn
px_downgraded_50_to_75percent_per_sec
cr_blocks_created_per_txn
physical_write_bytes_per_sec
streams_pool_usage_percentage
user_calls_per_txn
total_parse_count_per_sec
open_cursors_per_txn
user_rollback_undorec_applied_per_sec
enqueue_requests_per_txn
consistent_read_gets_per_sec
user_limit_percent
txns_per_logon
io_megabytes_per_second
user_transaction_per_sec
soft_parse_ratio
captured_user_calls
shared_pool_free_percent
physical_read_io_requests_per_sec
db_block_gets_per_user_call
total_sorts_per_user_call
average_synchronous_single_block_read_latency
background_cpu_usage_per_sec
gc_current_block_received_per_second
database_wait_time_ratio
full_index_scans_per_sec
db_block_changes_per_txn
px_downgraded_75_to_99percent_per_sec
logical_reads_per_user_call
total_pga_used_by_sql_workareas
vm_in_bytes_per_sec
enqueue_waits_per_txn
db_block_gets_per_sec
ddl_statements_parallelized_per_sec
redo_generated_per_txn
global_cache_average_cr_get_time
branch_node_splits_per_sec
response_time_per_txn
physical_write_total_bytes_per_sec
average_active_sessions
physical_reads_direct_lobs_per_sec
cr_blocks_created_per_sec
long_table_scans_per_txn
cursor_cache_hit_ratio
user_calls_ratio
global_cache_average_current_get_time
logons_per_sec
recursive_calls_per_sec
physical_read_total_bytes_per_sec
user_commits_percentage
user_rollback_undo_records_applied_per_txn
total_index_scans_per_txn
db_block_changes_per_sec
cr_undo_records_applied_per_sec
physical_read_bytes_per_sec
physical_writes_per_txn
dbwr_checkpoints_per_sec
row_cache_miss_ratio
physical_reads_per_sec
open_cursors_per_sec
total_table_scans_per_txn
total_index_scans_per_sec
total_parse_count_per_txn
px_operations_not_downgraded_per_sec
workload_capture_and_replay_status
vm_out_bytes_per_sec
physical_writes_per_sec
physical_reads_direct_lobs_per_txn
enqueue_requests_per_sec
leaf_node_splits_per_txn
physical_writes_direct_per_txn
total_table_scans_per_sec
long_table_scans_per_sec
hard_parse_count_per_txn
cpu_usage_per_sec
gc_current_block_received_per_txn
active_parallel_sessions
buffer_cache_hit_ratio
recursive_calls_per_txn
full_index_scans_per_txn
disk_sort_per_txn
current_os_load
logical_reads_per_txn
redo_writes_per_sec
library_cache_miss_ratio
replayed_user_calls
cell_physical_io_interconnect_bytes
redo_allocation_hit_ratio
physical_writes_direct_per_sec
px_downgraded_to_serial_per_sec
physical_read_total_io_requests_per_sec
background_checkpoints_per_sec
consistent_read_changes_per_sec
global_cache_blocks_corrupted
library_cache_hit_ratio
temp_space_used
enqueue_deadlocks_per_txn
gc_cr_block_received_per_txn
redo_generated_per_sec
user_rollbacks_per_sec
cr_undo_records_applied_per_txn
px_downgraded_1_to_25percent_per_sec
current_logons_count
current_open_cursors_count
memory_sorts_ratio
physical_reads_per_txn
pga_cache_hit_percent
executions_per_sec
user_calls_per_sec
parse_failure_count_per_txn
db_block_changes_per_user_call
user_commits_per_sec
user_rollbacks_percentage
sql_service_response_time
database_time_per_sec
pq_qc_session_count
pq_slave_session_count
run_queue_per_sec
enqueue_timeouts_per_txn
leaf_node_splits_per_sec
process_limit_percent
session_limit_percent
total_table_scans_per_user_call
dml_statements_parallelized_per_sec
consistent_read_changes_per_txn
cpu_usage_per_txn
logical_reads_per_sec
active_serial_sessions
physical_writes_direct_lobs_per_sec
branch_node_splits_per_txn
network_traffic_volume_per_sec
enqueue_deadlocks_per_sec
consistent_read_gets_per_txn
px_downgraded_25_to_50percent_per_sec
session_count
physical_reads_direct_per_txn
parse_failure_count_per_sec