num_sess_waiting
time_waited
wait_count
time_waited_fg
wait_count_fg